--------------------------------------------------------------------------------
Release 14.7 Trace  (lin64)
Copyright (c) 1995-2013 Xilinx, Inc.  All rights reserved.

/opt/Xilinx/14.7/ISE_DS/ISE/bin/lin64/unwrapped/trce -intstyle ise -v 3 -s 3 -n
3 -fastpaths -xml diff.twx diff.ncd -o diff.twr diff.pcf

Design file:              diff.ncd
Physical constraint file: diff.pcf
Device,package,speed:     xc7a200t,fbg484,C,-3 (PRODUCTION 1.10 2013-10-13)
Report level:             verbose report

Environment Variable      Effect 
--------------------      ------ 
NONE                      No environment variables were set
--------------------------------------------------------------------------------

INFO:Timing:2698 - No timing constraints found, doing default enumeration.
INFO:Timing:3412 - To improve timing, see the Timing Closure User Guide (UG612).
INFO:Timing:2752 - To get complete path coverage, use the unconstrained paths 
   option. All paths that are not constrained will be reported in the 
   unconstrained paths section(s) of the report.
INFO:Timing:3339 - The clock-to-out numbers in this timing report are based on 
   a 50 Ohm transmission line loading model.  For the details of this model, 
   and for more information on accounting for different loading conditions, 
   please see the device datasheet.



Data Sheet report:
-----------------
All values displayed in nanoseconds (ns)

Pad to Pad
---------------+---------------+---------+
Source Pad     |Destination Pad|  Delay  |
---------------+---------------+---------+
A<0>           |cout           |   10.886|
A<0>           |diff<0>        |   16.801|
A<0>           |diff<1>        |   15.960|
A<0>           |diff<2>        |   16.020|
A<0>           |diff<3>        |   15.616|
A<0>           |diff<4>        |   15.836|
A<0>           |diff<5>        |   12.345|
A<0>           |eq             |   13.230|
A<1>           |cout           |   11.067|
A<1>           |diff<0>        |   16.982|
A<1>           |diff<1>        |   16.141|
A<1>           |diff<2>        |   16.201|
A<1>           |diff<3>        |   15.797|
A<1>           |diff<4>        |   16.017|
A<1>           |diff<5>        |   12.526|
A<1>           |eq             |   13.411|
A<2>           |cout           |   10.019|
A<2>           |diff<0>        |   15.934|
A<2>           |diff<1>        |   15.093|
A<2>           |diff<2>        |   15.153|
A<2>           |diff<3>        |   14.749|
A<2>           |diff<4>        |   14.969|
A<2>           |diff<5>        |   11.478|
A<2>           |eq             |   12.363|
A<3>           |cout           |    9.757|
A<3>           |diff<0>        |   15.672|
A<3>           |diff<1>        |   14.831|
A<3>           |diff<2>        |   14.891|
A<3>           |diff<3>        |   14.487|
A<3>           |diff<4>        |   14.707|
A<3>           |diff<5>        |   11.216|
A<3>           |eq             |   12.101|
A<4>           |cout           |   10.535|
A<4>           |diff<0>        |   16.450|
A<4>           |diff<1>        |   15.609|
A<4>           |diff<2>        |   15.669|
A<4>           |diff<3>        |   15.265|
A<4>           |diff<4>        |   15.485|
A<4>           |diff<5>        |   11.994|
A<4>           |eq             |   12.879|
A<5>           |cout           |   10.516|
A<5>           |diff<0>        |   16.431|
A<5>           |diff<1>        |   15.590|
A<5>           |diff<2>        |   15.650|
A<5>           |diff<3>        |   15.246|
A<5>           |diff<4>        |   15.466|
A<5>           |diff<5>        |   11.975|
A<5>           |eq             |   12.860|
A<6>           |cout           |    9.996|
A<6>           |diff<0>        |   15.911|
A<6>           |diff<1>        |   15.070|
A<6>           |diff<2>        |   15.130|
A<6>           |diff<3>        |   14.726|
A<6>           |diff<4>        |   14.946|
A<6>           |diff<5>        |   11.455|
A<6>           |eq             |   12.340|
A<7>           |cout           |    9.694|
A<7>           |diff<0>        |   15.609|
A<7>           |diff<1>        |   14.768|
A<7>           |diff<2>        |   14.828|
A<7>           |diff<3>        |   14.424|
A<7>           |diff<4>        |   14.644|
A<7>           |diff<5>        |   11.153|
A<7>           |eq             |   12.038|
A<8>           |cout           |    9.173|
A<8>           |diff<0>        |   15.088|
A<8>           |diff<1>        |   14.247|
A<8>           |diff<2>        |   14.307|
A<8>           |diff<3>        |   13.903|
A<8>           |diff<4>        |   14.123|
A<8>           |diff<5>        |   10.632|
A<8>           |eq             |   11.517|
A<9>           |cout           |   10.008|
A<9>           |diff<0>        |   15.923|
A<9>           |diff<1>        |   15.082|
A<9>           |diff<2>        |   15.142|
A<9>           |diff<3>        |   14.738|
A<9>           |diff<4>        |   14.958|
A<9>           |diff<5>        |   11.467|
A<9>           |eq             |   12.352|
A<10>          |cout           |   10.189|
A<10>          |diff<0>        |   16.104|
A<10>          |diff<1>        |   15.263|
A<10>          |diff<2>        |   15.323|
A<10>          |diff<3>        |   14.919|
A<10>          |diff<4>        |   15.139|
A<10>          |diff<5>        |   11.648|
A<10>          |eq             |   12.533|
A<11>          |cout           |    9.011|
A<11>          |diff<0>        |   14.926|
A<11>          |diff<1>        |   14.085|
A<11>          |diff<2>        |   14.145|
A<11>          |diff<3>        |   13.741|
A<11>          |diff<4>        |   13.961|
A<11>          |diff<5>        |   10.470|
A<11>          |eq             |   11.355|
A<12>          |cout           |    8.456|
A<12>          |diff<0>        |   14.371|
A<12>          |diff<1>        |   13.530|
A<12>          |diff<2>        |   13.590|
A<12>          |diff<3>        |   13.186|
A<12>          |diff<4>        |   13.450|
A<12>          |diff<5>        |    9.915|
A<12>          |eq             |   10.800|
A<13>          |cout           |    9.333|
A<13>          |diff<0>        |   15.248|
A<13>          |diff<1>        |   14.407|
A<13>          |diff<2>        |   14.467|
A<13>          |diff<3>        |   14.063|
A<13>          |diff<4>        |   14.283|
A<13>          |diff<5>        |   10.792|
A<13>          |eq             |   11.677|
A<14>          |cout           |    9.033|
A<14>          |diff<0>        |   14.948|
A<14>          |diff<1>        |   14.107|
A<14>          |diff<2>        |   14.167|
A<14>          |diff<3>        |   13.763|
A<14>          |diff<4>        |   13.983|
A<14>          |diff<5>        |   10.492|
A<14>          |eq             |   11.377|
A<15>          |cout           |    8.071|
A<15>          |diff<0>        |   13.986|
A<15>          |diff<1>        |   13.145|
A<15>          |diff<2>        |   13.205|
A<15>          |diff<3>        |   12.801|
A<15>          |diff<4>        |   13.021|
A<15>          |diff<5>        |    9.530|
A<15>          |eq             |   10.415|
A<16>          |cout           |    8.281|
A<16>          |diff<0>        |   14.196|
A<16>          |diff<1>        |   13.355|
A<16>          |diff<2>        |   13.415|
A<16>          |diff<3>        |   13.011|
A<16>          |diff<4>        |   13.231|
A<16>          |diff<5>        |    9.740|
A<16>          |eq             |   10.625|
A<17>          |cout           |    8.389|
A<17>          |diff<0>        |   14.304|
A<17>          |diff<1>        |   13.463|
A<17>          |diff<2>        |   13.523|
A<17>          |diff<3>        |   13.119|
A<17>          |diff<4>        |   13.339|
A<17>          |diff<5>        |    9.848|
A<17>          |eq             |   10.733|
A<18>          |cout           |    8.686|
A<18>          |diff<0>        |   14.601|
A<18>          |diff<1>        |   13.760|
A<18>          |diff<2>        |   13.820|
A<18>          |diff<3>        |   13.416|
A<18>          |diff<4>        |   13.636|
A<18>          |diff<5>        |   10.145|
A<18>          |eq             |   11.030|
A<19>          |cout           |    7.511|
A<19>          |diff<0>        |   13.426|
A<19>          |diff<1>        |   12.585|
A<19>          |diff<2>        |   12.645|
A<19>          |diff<3>        |   12.241|
A<19>          |diff<4>        |   12.461|
A<19>          |diff<5>        |    8.970|
A<19>          |eq             |    9.855|
A<20>          |cout           |    7.477|
A<20>          |diff<0>        |   13.392|
A<20>          |diff<1>        |   12.551|
A<20>          |diff<2>        |   12.611|
A<20>          |diff<3>        |   12.207|
A<20>          |diff<4>        |   12.427|
A<20>          |diff<5>        |    8.936|
A<20>          |eq             |    9.821|
A<21>          |cout           |    7.545|
A<21>          |diff<0>        |   13.460|
A<21>          |diff<1>        |   12.619|
A<21>          |diff<2>        |   12.679|
A<21>          |diff<3>        |   12.275|
A<21>          |diff<4>        |   12.495|
A<21>          |diff<5>        |    9.004|
A<21>          |eq             |    9.889|
A<22>          |cout           |    7.432|
A<22>          |diff<0>        |   13.347|
A<22>          |diff<1>        |   12.506|
A<22>          |diff<2>        |   12.566|
A<22>          |diff<3>        |   12.162|
A<22>          |diff<4>        |   12.382|
A<22>          |diff<5>        |    8.891|
A<22>          |eq             |    9.776|
A<23>          |cout           |    7.086|
A<23>          |diff<0>        |   13.001|
A<23>          |diff<1>        |   12.160|
A<23>          |diff<2>        |   12.220|
A<23>          |diff<3>        |   11.816|
A<23>          |diff<4>        |   12.036|
A<23>          |diff<5>        |    8.665|
A<23>          |eq             |    9.430|
A<24>          |cout           |    6.335|
A<24>          |diff<0>        |   12.477|
A<24>          |diff<1>        |   11.636|
A<24>          |diff<2>        |   11.696|
A<24>          |diff<3>        |   11.292|
A<24>          |diff<4>        |   11.527|
A<24>          |diff<5>        |    8.206|
A<24>          |eq             |    8.906|
A<25>          |cout           |    6.553|
A<25>          |diff<0>        |   12.468|
A<25>          |diff<1>        |   11.627|
A<25>          |diff<2>        |   11.687|
A<25>          |diff<3>        |   11.283|
A<25>          |diff<4>        |   11.503|
A<25>          |diff<5>        |    8.012|
A<25>          |eq             |    8.897|
A<26>          |cout           |    6.463|
A<26>          |diff<0>        |   12.378|
A<26>          |diff<1>        |   11.537|
A<26>          |diff<2>        |   11.597|
A<26>          |diff<3>        |   11.193|
A<26>          |diff<4>        |   11.413|
A<26>          |diff<5>        |    7.922|
A<26>          |eq             |    8.807|
A<27>          |cout           |    5.963|
A<27>          |diff<0>        |   11.878|
A<27>          |diff<1>        |   11.037|
A<27>          |diff<2>        |   11.102|
A<27>          |diff<3>        |   10.693|
A<27>          |diff<4>        |   11.010|
A<27>          |diff<5>        |    7.551|
A<27>          |eq             |    8.307|
A<28>          |cout           |    5.758|
A<28>          |diff<0>        |   11.545|
A<28>          |diff<1>        |   10.511|
A<28>          |diff<2>        |   10.808|
A<28>          |diff<3>        |   10.167|
A<28>          |diff<4>        |   10.716|
A<28>          |diff<5>        |    7.135|
A<28>          |eq             |    7.781|
A<29>          |cout           |    5.550|
A<29>          |diff<0>        |   12.027|
A<29>          |diff<1>        |   11.003|
A<29>          |diff<2>        |   11.290|
A<29>          |diff<3>        |   10.659|
A<29>          |diff<4>        |   11.198|
A<29>          |diff<5>        |    7.617|
A<29>          |eq             |    8.273|
A<30>          |cout           |    5.724|
A<30>          |diff<0>        |   11.539|
A<30>          |diff<1>        |   10.698|
A<30>          |diff<2>        |   10.758|
A<30>          |diff<3>        |   10.354|
A<30>          |diff<4>        |   10.431|
A<30>          |diff<5>        |    7.083|
A<30>          |eq             |    7.968|
A<31>          |cout           |    5.145|
A<31>          |diff<0>        |   11.189|
A<31>          |diff<1>        |   10.348|
A<31>          |diff<2>        |   10.408|
A<31>          |diff<3>        |   10.004|
A<31>          |diff<4>        |   10.081|
A<31>          |diff<5>        |    6.733|
A<31>          |eq             |    7.618|
B<0>           |cout           |   10.511|
B<0>           |diff<0>        |   16.426|
B<0>           |diff<1>        |   15.585|
B<0>           |diff<2>        |   15.645|
B<0>           |diff<3>        |   15.241|
B<0>           |diff<4>        |   15.461|
B<0>           |diff<5>        |   11.970|
B<0>           |eq             |   12.855|
B<1>           |cout           |   10.170|
B<1>           |diff<0>        |   16.085|
B<1>           |diff<1>        |   15.244|
B<1>           |diff<2>        |   15.304|
B<1>           |diff<3>        |   14.900|
B<1>           |diff<4>        |   15.120|
B<1>           |diff<5>        |   11.629|
B<1>           |eq             |   12.514|
B<2>           |cout           |    9.931|
B<2>           |diff<0>        |   15.846|
B<2>           |diff<1>        |   15.005|
B<2>           |diff<2>        |   15.065|
B<2>           |diff<3>        |   14.661|
B<2>           |diff<4>        |   14.881|
B<2>           |diff<5>        |   11.390|
B<2>           |eq             |   12.275|
B<3>           |cout           |    9.193|
B<3>           |diff<0>        |   15.108|
B<3>           |diff<1>        |   14.267|
B<3>           |diff<2>        |   14.327|
B<3>           |diff<3>        |   13.923|
B<3>           |diff<4>        |   14.143|
B<3>           |diff<5>        |   10.652|
B<3>           |eq             |   11.537|
B<4>           |cout           |    9.712|
B<4>           |diff<0>        |   15.627|
B<4>           |diff<1>        |   14.786|
B<4>           |diff<2>        |   14.846|
B<4>           |diff<3>        |   14.442|
B<4>           |diff<4>        |   14.662|
B<4>           |diff<5>        |   11.171|
B<4>           |eq             |   12.056|
B<5>           |cout           |    9.905|
B<5>           |diff<0>        |   15.820|
B<5>           |diff<1>        |   14.979|
B<5>           |diff<2>        |   15.039|
B<5>           |diff<3>        |   14.635|
B<5>           |diff<4>        |   14.855|
B<5>           |diff<5>        |   11.364|
B<5>           |eq             |   12.249|
B<6>           |cout           |    9.834|
B<6>           |diff<0>        |   15.749|
B<6>           |diff<1>        |   14.908|
B<6>           |diff<2>        |   14.968|
B<6>           |diff<3>        |   14.564|
B<6>           |diff<4>        |   14.784|
B<6>           |diff<5>        |   11.293|
B<6>           |eq             |   12.178|
B<7>           |cout           |    9.472|
B<7>           |diff<0>        |   15.387|
B<7>           |diff<1>        |   14.546|
B<7>           |diff<2>        |   14.606|
B<7>           |diff<3>        |   14.202|
B<7>           |diff<4>        |   14.422|
B<7>           |diff<5>        |   10.931|
B<7>           |eq             |   11.816|
B<8>           |cout           |    8.907|
B<8>           |diff<0>        |   14.822|
B<8>           |diff<1>        |   13.981|
B<8>           |diff<2>        |   14.041|
B<8>           |diff<3>        |   13.637|
B<8>           |diff<4>        |   13.857|
B<8>           |diff<5>        |   10.366|
B<8>           |eq             |   11.251|
B<9>           |cout           |    9.643|
B<9>           |diff<0>        |   15.558|
B<9>           |diff<1>        |   14.717|
B<9>           |diff<2>        |   14.777|
B<9>           |diff<3>        |   14.373|
B<9>           |diff<4>        |   14.593|
B<9>           |diff<5>        |   11.102|
B<9>           |eq             |   11.987|
B<10>          |cout           |    9.684|
B<10>          |diff<0>        |   15.599|
B<10>          |diff<1>        |   14.758|
B<10>          |diff<2>        |   14.818|
B<10>          |diff<3>        |   14.414|
B<10>          |diff<4>        |   14.634|
B<10>          |diff<5>        |   11.143|
B<10>          |eq             |   12.028|
B<11>          |cout           |    9.017|
B<11>          |diff<0>        |   14.932|
B<11>          |diff<1>        |   14.091|
B<11>          |diff<2>        |   14.151|
B<11>          |diff<3>        |   13.747|
B<11>          |diff<4>        |   13.967|
B<11>          |diff<5>        |   10.476|
B<11>          |eq             |   11.361|
B<12>          |cout           |    8.669|
B<12>          |diff<0>        |   14.584|
B<12>          |diff<1>        |   13.743|
B<12>          |diff<2>        |   13.803|
B<12>          |diff<3>        |   13.399|
B<12>          |diff<4>        |   13.663|
B<12>          |diff<5>        |   10.128|
B<12>          |eq             |   11.013|
B<13>          |cout           |    8.883|
B<13>          |diff<0>        |   14.798|
B<13>          |diff<1>        |   13.957|
B<13>          |diff<2>        |   14.017|
B<13>          |diff<3>        |   13.613|
B<13>          |diff<4>        |   13.833|
B<13>          |diff<5>        |   10.342|
B<13>          |eq             |   11.227|
B<14>          |cout           |    9.144|
B<14>          |diff<0>        |   15.059|
B<14>          |diff<1>        |   14.218|
B<14>          |diff<2>        |   14.278|
B<14>          |diff<3>        |   13.874|
B<14>          |diff<4>        |   14.094|
B<14>          |diff<5>        |   10.603|
B<14>          |eq             |   11.488|
B<15>          |cout           |    7.836|
B<15>          |diff<0>        |   13.875|
B<15>          |diff<1>        |   12.910|
B<15>          |diff<2>        |   13.138|
B<15>          |diff<3>        |   12.566|
B<15>          |diff<4>        |   13.046|
B<15>          |diff<5>        |    9.295|
B<15>          |eq             |   10.180|
B<16>          |cout           |    8.726|
B<16>          |diff<0>        |   14.641|
B<16>          |diff<1>        |   13.800|
B<16>          |diff<2>        |   13.860|
B<16>          |diff<3>        |   13.456|
B<16>          |diff<4>        |   13.676|
B<16>          |diff<5>        |   10.185|
B<16>          |eq             |   11.070|
B<17>          |cout           |    8.347|
B<17>          |diff<0>        |   14.262|
B<17>          |diff<1>        |   13.421|
B<17>          |diff<2>        |   13.481|
B<17>          |diff<3>        |   13.077|
B<17>          |diff<4>        |   13.297|
B<17>          |diff<5>        |    9.806|
B<17>          |eq             |   10.691|
B<18>          |cout           |    8.336|
B<18>          |diff<0>        |   14.251|
B<18>          |diff<1>        |   13.410|
B<18>          |diff<2>        |   13.470|
B<18>          |diff<3>        |   13.066|
B<18>          |diff<4>        |   13.286|
B<18>          |diff<5>        |    9.795|
B<18>          |eq             |   10.680|
B<19>          |cout           |    7.613|
B<19>          |diff<0>        |   13.528|
B<19>          |diff<1>        |   12.687|
B<19>          |diff<2>        |   12.747|
B<19>          |diff<3>        |   12.343|
B<19>          |diff<4>        |   12.563|
B<19>          |diff<5>        |    9.072|
B<19>          |eq             |    9.957|
B<20>          |cout           |    8.101|
B<20>          |diff<0>        |   14.016|
B<20>          |diff<1>        |   13.175|
B<20>          |diff<2>        |   13.235|
B<20>          |diff<3>        |   12.831|
B<20>          |diff<4>        |   13.051|
B<20>          |diff<5>        |    9.560|
B<20>          |eq             |   10.445|
B<21>          |cout           |    8.133|
B<21>          |diff<0>        |   14.048|
B<21>          |diff<1>        |   13.207|
B<21>          |diff<2>        |   13.267|
B<21>          |diff<3>        |   12.863|
B<21>          |diff<4>        |   13.083|
B<21>          |diff<5>        |    9.592|
B<21>          |eq             |   10.477|
B<22>          |cout           |    8.186|
B<22>          |diff<0>        |   14.101|
B<22>          |diff<1>        |   13.260|
B<22>          |diff<2>        |   13.320|
B<22>          |diff<3>        |   12.916|
B<22>          |diff<4>        |   13.136|
B<22>          |diff<5>        |    9.645|
B<22>          |eq             |   10.530|
B<23>          |cout           |    7.499|
B<23>          |diff<0>        |   13.566|
B<23>          |diff<1>        |   12.725|
B<23>          |diff<2>        |   12.785|
B<23>          |diff<3>        |   12.381|
B<23>          |diff<4>        |   12.449|
B<23>          |diff<5>        |    9.295|
B<23>          |eq             |    9.995|
B<24>          |cout           |    6.963|
B<24>          |diff<0>        |   13.105|
B<24>          |diff<1>        |   12.264|
B<24>          |diff<2>        |   12.324|
B<24>          |diff<3>        |   11.920|
B<24>          |diff<4>        |   12.155|
B<24>          |diff<5>        |    8.834|
B<24>          |eq             |    9.534|
B<25>          |cout           |    6.869|
B<25>          |diff<0>        |   12.784|
B<25>          |diff<1>        |   11.943|
B<25>          |diff<2>        |   12.003|
B<25>          |diff<3>        |   11.599|
B<25>          |diff<4>        |   11.819|
B<25>          |diff<5>        |    8.328|
B<25>          |eq             |    9.213|
B<26>          |cout           |    6.758|
B<26>          |diff<0>        |   12.673|
B<26>          |diff<1>        |   11.832|
B<26>          |diff<2>        |   11.892|
B<26>          |diff<3>        |   11.488|
B<26>          |diff<4>        |   11.708|
B<26>          |diff<5>        |    8.217|
B<26>          |eq             |    9.102|
B<27>          |cout           |    6.531|
B<27>          |diff<0>        |   12.446|
B<27>          |diff<1>        |   11.605|
B<27>          |diff<2>        |   11.665|
B<27>          |diff<3>        |   11.261|
B<27>          |diff<4>        |   11.499|
B<27>          |diff<5>        |    8.040|
B<27>          |eq             |    8.875|
B<28>          |cout           |    7.288|
B<28>          |diff<0>        |   13.075|
B<28>          |diff<1>        |   12.041|
B<28>          |diff<2>        |   12.338|
B<28>          |diff<3>        |   11.697|
B<28>          |diff<4>        |   12.246|
B<28>          |diff<5>        |    8.665|
B<28>          |eq             |    9.311|
B<29>          |cout           |    6.350|
B<29>          |diff<0>        |   12.827|
B<29>          |diff<1>        |   11.803|
B<29>          |diff<2>        |   12.090|
B<29>          |diff<3>        |   11.459|
B<29>          |diff<4>        |   11.998|
B<29>          |diff<5>        |    8.417|
B<29>          |eq             |    9.073|
B<30>          |cout           |    6.676|
B<30>          |diff<0>        |   12.491|
B<30>          |diff<1>        |   11.650|
B<30>          |diff<2>        |   11.710|
B<30>          |diff<3>        |   11.306|
B<30>          |diff<4>        |   11.383|
B<30>          |diff<5>        |    8.035|
B<30>          |eq             |    8.920|
B<31>          |cout           |    5.656|
B<31>          |diff<0>        |   11.364|
B<31>          |diff<1>        |   10.523|
B<31>          |diff<2>        |   10.583|
B<31>          |diff<3>        |   10.179|
B<31>          |diff<4>        |   10.256|
B<31>          |diff<5>        |    6.908|
B<31>          |eq             |    7.793|
---------------+---------------+---------+


Analysis completed Fri Oct 28 16:02:22 2022 
--------------------------------------------------------------------------------

Trace Settings:
-------------------------
Trace Settings 

Peak Memory Usage: 908 MB



