Release 14.7 - xst P.20131013 (lin64)
Copyright (c) 1995-2013 Xilinx, Inc.  All rights reserved.
--> 
Parameter TMPDIR set to xst/projnav.tmp


Total REAL time to Xst completion: 0.00 secs
Total CPU time to Xst completion: 0.04 secs
 
--> 
Parameter xsthdpdir set to xst


Total REAL time to Xst completion: 0.00 secs
Total CPU time to Xst completion: 0.04 secs
 
--> 
Reading design: diff.prj

TABLE OF CONTENTS
  1) Synthesis Options Summary
  2) HDL Parsing
  3) HDL Elaboration
  4) HDL Synthesis
       4.1) HDL Synthesis Report
  5) Advanced HDL Synthesis
       5.1) Advanced HDL Synthesis Report
  6) Low Level Synthesis
  7) Partition Report
  8) Design Summary
       8.1) Primitive and Black Box Usage
       8.2) Device utilization summary
       8.3) Partition Resource Summary
       8.4) Timing Report
            8.4.1) Clock Information
            8.4.2) Asynchronous Control Signals Information
            8.4.3) Timing Summary
            8.4.4) Timing Details
            8.4.5) Cross Clock Domains Report


=========================================================================
*                      Synthesis Options Summary                        *
=========================================================================
---- Source Parameters
Input File Name                    : "diff.prj"
Ignore Synthesis Constraint File   : NO

---- Target Parameters
Output File Name                   : "diff"
Output Format                      : NGC
Target Device                      : xc7a200t-3-fbg484

---- Source Options
Top Module Name                    : diff
Automatic FSM Extraction           : YES
FSM Encoding Algorithm             : Auto
Safe Implementation                : No
FSM Style                          : LUT
RAM Extraction                     : Yes
RAM Style                          : Auto
ROM Extraction                     : Yes
Shift Register Extraction          : YES
ROM Style                          : Auto
Resource Sharing                   : YES
Asynchronous To Synchronous        : NO
Shift Register Minimum Size        : 2
Use DSP Block                      : Auto
Automatic Register Balancing       : No

---- Target Options
LUT Combining                      : Auto
Reduce Control Sets                : Auto
Add IO Buffers                     : YES
Global Maximum Fanout              : 100000
Add Generic Clock Buffer(BUFG)     : 32
Register Duplication               : YES
Optimize Instantiated Primitives   : NO
Use Clock Enable                   : Auto
Use Synchronous Set                : Auto
Use Synchronous Reset              : Auto
Pack IO Registers into IOBs        : Auto
Equivalent register Removal        : YES

---- General Options
Optimization Goal                  : Speed
Optimization Effort                : 1
Power Reduction                    : NO
Keep Hierarchy                     : No
Netlist Hierarchy                  : As_Optimized
RTL Output                         : Yes
Global Optimization                : AllClockNets
Read Cores                         : YES
Write Timing Constraints           : NO
Cross Clock Analysis               : NO
Hierarchy Separator                : /
Bus Delimiter                      : <>
Case Specifier                     : Maintain
Slice Utilization Ratio            : 100
BRAM Utilization Ratio             : 100
DSP48 Utilization Ratio            : 100
Auto BRAM Packing                  : NO
Slice Utilization Ratio Delta      : 5

=========================================================================


=========================================================================
*                          HDL Parsing                                  *
=========================================================================
Analyzing Verilog file "/home/pranav/KGP/5th Sem/COA LAB/COA-Laboratory-CS39001/RISC/lac_unit.v" into library work
Parsing module <lac_unit>.
Analyzing Verilog file "/home/pranav/KGP/5th Sem/COA LAB/COA-Laboratory-CS39001/RISC/cla_4_bit_augment.v" into library work
Parsing module <cla_4_bit_augment>.
Analyzing Verilog file "/home/pranav/KGP/5th Sem/COA LAB/COA-Laboratory-CS39001/RISC/cla_16_bit.v" into library work
Parsing module <cla_16_bit>.
Analyzing Verilog file "/home/pranav/KGP/5th Sem/COA LAB/COA-Laboratory-CS39001/RISC/binary_to_bcd.v" into library work
Parsing module <binary_to_bcd>.
Analyzing Verilog file "/home/pranav/KGP/5th Sem/COA LAB/COA-Laboratory-CS39001/RISC/adder32.v" into library work
Parsing module <adder32>.
Analyzing Verilog file "/home/pranav/KGP/5th Sem/COA LAB/COA-Laboratory-CS39001/RISC/diff.v" into library work
Parsing module <diff>.

=========================================================================
*                            HDL Elaboration                            *
=========================================================================

Elaborating module <diff>.

Elaborating module <adder32>.

Elaborating module <cla_16_bit>.

Elaborating module <cla_4_bit_augment>.

Elaborating module <lac_unit>.
WARNING:HDLCompiler:1127 - "/home/pranav/KGP/5th Sem/COA LAB/COA-Laboratory-CS39001/RISC/diff.v" Line 32: Assignment to cout1 ignored, since the identifier is never used

Elaborating module <binary_to_bcd>.

=========================================================================
*                           HDL Synthesis                               *
=========================================================================

Synthesizing Unit <diff>.
    Related source file is "/home/pranav/KGP/5th Sem/COA LAB/COA-Laboratory-CS39001/RISC/diff.v".
INFO:Xst:3210 - "/home/pranav/KGP/5th Sem/COA LAB/COA-Laboratory-CS39001/RISC/diff.v" line 32: Output port <c_out> of the instance <g1> is unconnected or connected to loadless signal.
    Summary:
Unit <diff> synthesized.

Synthesizing Unit <adder32>.
    Related source file is "/home/pranav/KGP/5th Sem/COA LAB/COA-Laboratory-CS39001/RISC/adder32.v".
    Summary:
	no macro.
Unit <adder32> synthesized.

Synthesizing Unit <cla_16_bit>.
    Related source file is "/home/pranav/KGP/5th Sem/COA LAB/COA-Laboratory-CS39001/RISC/cla_16_bit.v".
    Summary:
	no macro.
Unit <cla_16_bit> synthesized.

Synthesizing Unit <cla_4_bit_augment>.
    Related source file is "/home/pranav/KGP/5th Sem/COA LAB/COA-Laboratory-CS39001/RISC/cla_4_bit_augment.v".
    Summary:
Unit <cla_4_bit_augment> synthesized.

Synthesizing Unit <lac_unit>.
    Related source file is "/home/pranav/KGP/5th Sem/COA LAB/COA-Laboratory-CS39001/RISC/lac_unit.v".
    Summary:
	no macro.
Unit <lac_unit> synthesized.

Synthesizing Unit <binary_to_bcd>.
    Related source file is "/home/pranav/KGP/5th Sem/COA LAB/COA-Laboratory-CS39001/RISC/binary_to_bcd.v".
    Summary:
	no macro.
Unit <binary_to_bcd> synthesized.

=========================================================================
HDL Synthesis Report

Macro Statistics
# Xors                                                 : 18
 32-bit xor2                                           : 2
 4-bit xor2                                            : 16

=========================================================================

=========================================================================
*                       Advanced HDL Synthesis                          *
=========================================================================


=========================================================================
Advanced HDL Synthesis Report

Macro Statistics
# Xors                                                 : 18
 32-bit xor2                                           : 2
 4-bit xor2                                            : 16

=========================================================================

=========================================================================
*                         Low Level Synthesis                           *
=========================================================================

Optimizing unit <diff> ...

Mapping all equations...
Building and optimizing final netlist ...
Found area constraint ratio of 100 (+ 5) on block diff, actual ratio is 0.

Final Macro Processing ...

=========================================================================
Final Register Report

Found no macro
=========================================================================

=========================================================================
*                           Partition Report                            *
=========================================================================

Partition Implementation Status
-------------------------------

  No Partitions were found in this design.

-------------------------------

=========================================================================
*                            Design Summary                             *
=========================================================================

Top Level Output File Name         : diff.ngc

Primitive and Black Box Usage:
------------------------------
# BELS                             : 120
#      LUT2                        : 24
#      LUT3                        : 4
#      LUT4                        : 4
#      LUT5                        : 21
#      LUT6                        : 67
# IO Buffers                       : 71
#      IBUF                        : 64
#      OBUF                        : 7

Device utilization summary:
---------------------------

Selected Device : 7a200tfbg484-3 


Slice Logic Utilization: 
 Number of Slice LUTs:                  120  out of  134600     0%  
    Number used as Logic:               120  out of  134600     0%  

Slice Logic Distribution: 
 Number of LUT Flip Flop pairs used:    120
   Number with an unused Flip Flop:     120  out of    120   100%  
   Number with an unused LUT:             0  out of    120     0%  
   Number of fully used LUT-FF pairs:     0  out of    120     0%  
   Number of unique control sets:         0

IO Utilization: 
 Number of IOs:                          71
 Number of bonded IOBs:                  71  out of    285    24%  

Specific Feature Utilization:

---------------------------
Partition Resource Summary:
---------------------------

  No Partitions were found in this design.

---------------------------


=========================================================================
Timing Report

NOTE: THESE TIMING NUMBERS ARE ONLY A SYNTHESIS ESTIMATE.
      FOR ACCURATE TIMING INFORMATION PLEASE REFER TO THE TRACE REPORT
      GENERATED AFTER PLACE-and-ROUTE.

Clock Information:
------------------
No clock signals found in this design

Asynchronous Control Signals Information:
----------------------------------------
No asynchronous control signals found in this design

Timing Summary:
---------------
Speed Grade: -3

   Minimum period: No path found
   Minimum input arrival time before clock: No path found
   Maximum output required time after clock: No path found
   Maximum combinational path delay: 11.219ns

Timing Details:
---------------
All values displayed in nanoseconds (ns)

=========================================================================
Timing constraint: Default path analysis
  Total number of paths / destination ports: 56302 / 7
-------------------------------------------------------------------------
Delay:               11.219ns (Levels of Logic = 19)
  Source:            A<0> (PAD)
  Destination:       diff<3> (PAD)

  Data Path: A<0> to diff<3>
                                Gate     Net
    Cell:in->out      fanout   Delay   Delay  Logical Name (Net Name)
    ----------------------------------------  ------------
     IBUF:I->O             5   0.001   0.398  A_0_IBUF (A_0_IBUF)
     LUT2:I0->O            5   0.097   0.575  Mxor_n_0_xo<0>1 (diff_32<0>)
     LUT6:I2->O            6   0.097   0.402  g1/cla1/g1/G<3>1 (g1/cla1/G<0>)
     LUT6:I4->O            8   0.097   0.411  g1/cla1/g5/c<1><1>1 (g1/cla1/c<1>)
     LUT6:I4->O            7   0.097   0.407  g1/cla1/g5/c<2><2>1 (g1/cla1/c<2>)
     LUT6:I4->O            6   0.097   0.402  g1/cla1/g5/cout<3>1 (g1/c)
     LUT6:I4->O            8   0.097   0.412  g1/cla2/g5/c<0>1 (g1/cla2/c<0>)
     LUT6:I4->O            8   0.097   0.726  g1/cla2/g5/c<1><1>1 (g1/cla2/c<1>)
     LUT6:I0->O            6   0.097   0.716  diff_32<27>1 (diff_32<27>)
     LUT6:I0->O            4   0.097   0.707  g2/diff[31]_PWR_6_o_equal_1_o<31>51 (g2/diff[31]_PWR_6_o_equal_1_o<31>5)
     LUT6:I0->O            3   0.097   0.693  g2/diff_out<5>31 (g2/diff_out<5>3)
     LUT6:I1->O            5   0.097   0.530  g2/diff_out<2>11 (g2/diff_out<2>1)
     LUT5:I2->O            3   0.097   0.703  g2/diff_out<3>11 (g2/diff_out<3>1)
     LUT6:I0->O            4   0.097   0.525  g2/diff[31]_GND_6_o_equal_15_o<31>11 (g2/diff[31]_GND_6_o_equal_15_o<31>1)
     LUT4:I1->O            2   0.097   0.687  g2/diff_out<4>53 (g2/diff_out<4>5)
     LUT5:I0->O            1   0.097   0.295  g2/diff_out<5>1_SW0 (N20)
     LUT6:I5->O            2   0.097   0.697  g2/diff_out<5>1 (g2/diff_out<5>1)
     LUT6:I0->O            1   0.097   0.279  g2/diff_out<3> (diff_3_OBUF)
     OBUF:I->O                 0.000          diff_3_OBUF (diff<3>)
    ----------------------------------------
    Total                     11.219ns (1.650ns logic, 9.569ns route)
                                       (14.7% logic, 85.3% route)

=========================================================================

Cross Clock Domains Report:
--------------------------

=========================================================================


Total REAL time to Xst completion: 15.00 secs
Total CPU time to Xst completion: 14.65 secs
 
--> 


Total memory usage is 480996 kilobytes

Number of errors   :    0 (   0 filtered)
Number of warnings :    1 (   0 filtered)
Number of infos    :    1 (   0 filtered)

